\BOOKMARK [1][-]{section.1}{\376\377\137\025\212\000\377\032\116\072\116\300\116\110\227\000\211\201\000\040\000L\000a\000n\000g\000G\000r\000a\000p\000h\377\037}{}% 1
\BOOKMARK [1][-]{section.2}{\376\377\163\257\130\203\220\350\177\162\377\032\000F\000e\000d\000o\000r\000a\000\040\116\012\166\204\153\317\116\000\153\145}{}% 2
\BOOKMARK [2][-]{subsection.2.1}{\376\377\174\373\176\337\121\306\131\007\116\016\206\132\142\337\163\257\130\203}{section.2}% 3
\BOOKMARK [2][-]{subsection.2.2}{\376\377\133\211\210\305\000\040\000L\000a\000n\000g\000G\000r\000a\000p\000h\000\040\116\016\143\222\225\031}{section.2}% 4
\BOOKMARK [2][-]{subsection.2.3}{\376\377\232\214\213\301\133\211\210\305}{section.2}% 5
\BOOKMARK [1][-]{section.3}{\376\377\000L\000a\000n\000g\000G\000r\000a\000p\000h\000\040\150\070\137\303\151\202\137\365\377\032\120\317\144\055\171\357\147\050\116\000\150\067\213\276\213\241\155\101\172\013}{}% 6
\BOOKMARK [2][-]{subsection.3.1}{\376\377\162\266\140\001\126\376\000\040\000S\000t\000a\000t\000e\000G\000r\000a\000p\000h}{section.3}% 7
\BOOKMARK [2][-]{subsection.3.2}{\376\377\202\202\160\271\116\016\217\271}{section.3}% 8
\BOOKMARK [2][-]{subsection.3.3}{\376\377\143\001\116\105\123\026\116\016\150\300\147\345\160\271\377\010\000C\000h\000e\000c\000k\000p\000o\000i\000n\000t\000e\000r\377\011}{section.3}% 9
\BOOKMARK [2][-]{subsection.3.4}{\376\377\116\055\145\255\377\010\000H\000u\000m\000a\000n\000-\000i\000n\000-\000t\000h\000e\000-\000l\000o\000o\000p\377\011}{section.3}% 10
\BOOKMARK [1][-]{section.4}{\376\377\133\236\142\030\150\110\117\213\377\032\116\316\163\251\121\167\122\060\135\345\121\167}{}% 11
\BOOKMARK [2][-]{subsection.4.1}{\376\377\150\110\117\213\116\000\377\032\136\046\213\260\137\306\166\204\173\200\123\125\126\336\146\076\147\072\126\150\116\272}{section.4}% 12
\BOOKMARK [2][-]{subsection.4.2}{\376\377\150\110\117\213\116\214\377\032\000L\000L\000M\000\040\146\172\200\375\117\123\116\016\135\345\121\167\214\003\165\050}{section.4}% 13
\BOOKMARK [1][-]{section.5}{\376\377\155\361\121\145\123\237\164\006\377\032\116\316\126\376\122\060\122\006\136\003\137\017\140\035\140\363}{}% 14
\BOOKMARK [2][-]{subsection.5.1}{\376\377\000P\000r\000e\000g\000e\000l\000\040\116\016\000\040\000A\000p\000a\000c\000h\000e\000\040\000B\000e\000a\000m\000\040\166\204\160\165\141\037}{section.5}% 15
\BOOKMARK [2][-]{subsection.5.2}{\376\377\162\266\140\001\147\072\116\016\126\376\213\241\173\227\166\204\133\371\153\324}{section.5}% 16
\BOOKMARK [2][-]{subsection.5.3}{\376\377\162\266\140\001\173\241\164\006\377\032\117\125\145\366\217\375\122\240\377\037\117\125\145\366\211\206\166\326\377\037}{section.5}% 17
\BOOKMARK [1][-]{section.6}{\376\377\116\076\116\000\123\315\116\011\377\032\117\140\200\375\144\055\136\372\166\204\136\224\165\050\142\323\142\121}{}% 18
\BOOKMARK [2][-]{subsection.6.1}{\376\377\131\032\116\343\164\006\123\117\117\134\377\010\000S\000u\000p\000e\000r\000v\000i\000s\000o\000r\000\040\000+\000\040\000W\000o\000r\000k\000e\000r\000s\377\011}{section.6}% 19
\BOOKMARK [2][-]{subsection.6.2}{\376\377\133\120\126\376\377\010\000S\000u\000b\000g\000r\000a\000p\000h\377\011\116\016\123\357\131\015\165\050\152\041\127\127}{section.6}% 20
\BOOKMARK [2][-]{subsection.6.3}{\376\377\155\101\137\017\217\223\121\372\116\016\137\002\153\145}{section.6}% 21
\BOOKMARK [2][-]{subsection.6.4}{\376\377\165\037\116\247\220\350\177\162\136\372\213\256}{section.6}% 22
\BOOKMARK [1][-]{section.7}{\376\377\140\073\176\323\116\016\133\146\116\140\215\357\137\204}{}% 23
