\BOOKMARK [1][-]{section.1}{\376\377\116\316\156\220\170\001\122\060\000\040\000P\000D\000F\377\032\000L\000a\000T\000e\000X\000\040\166\204\040\034\177\373\213\321\040\035\155\101\172\013}{}% 1
\BOOKMARK [1][-]{section.2}{\376\377\213\244\213\306\116\011\117\115\177\373\213\321\133\230\377\032\000p\000d\000f\000T\000e\000X\060\001\000X\000e\000T\000e\000X\060\001\000L\000u\000a\000T\000e\000X}{}% 2
\BOOKMARK [1][-]{section.3}{\376\377\116\055\145\207\143\222\162\110\116\072\117\125\231\226\220\011\000\040\000X\000e\000L\000a\000T\000e\000X\377\037}{}% 3
\BOOKMARK [1][-]{section.4}{\376\377\133\236\142\030\143\222\225\031\377\032\000f\000a\000n\000d\000o\000l\000\040\133\127\117\123\177\072\131\061\225\031\213\357}{}% 4
\BOOKMARK [2][-]{subsection.4.1}{\376\377\116\072\116\300\116\110\117\032\217\331\150\067\377\037}{section.4}% 5
\BOOKMARK [2][-]{subsection.4.2}{\376\377\116\044\171\315\211\343\121\263\145\271\150\110}{section.4}% 6
\BOOKMARK [2][-]{subsection.4.3}{\376\377\142\021\146\057\140\016\116\110\213\312\145\255\121\372\147\145\166\204\377\037}{section.4}% 7
\BOOKMARK [1][-]{section.5}{\376\377\000c\000t\000e\000x\000\040\133\217\123\005\166\204\133\127\117\123\226\306\147\072\122\066}{}% 8
\BOOKMARK [1][-]{section.6}{\376\377\123\346\116\000\116\052\136\070\211\301\226\167\226\061\377\032\000\134\000e\000n\000d\000\040\116\015\200\375\127\050\000\040\000\134\000t\000e\000x\000t\000t\000t\000\040\221\314\210\370\165\050}{}% 9
\BOOKMARK [2][-]{subsection.6.1}{\376\377\116\213\145\105\163\260\127\072}{section.6}% 10
\BOOKMARK [2][-]{subsection.6.2}{\376\377\116\072\116\300\116\110\117\032\162\006\160\270\377\037}{section.6}% 11
\BOOKMARK [2][-]{subsection.6.3}{\376\377\133\211\121\150\142\123\123\160\143\247\122\066\136\217\122\027\166\204\145\271\154\325}{section.6}% 12
\BOOKMARK [2][-]{subsection.6.4}{\376\377\116\076\116\000\123\315\116\011}{section.6}% 13
\BOOKMARK [1][-]{section.7}{\376\377\144\055\136\372\232\330\145\110\166\204\000\040\000L\000a\000T\000e\000X\000\040\177\026\213\321\135\345\117\134\155\101}{}% 14
\BOOKMARK [2][-]{subsection.7.1}{\376\377\135\345\121\167\220\011\142\351}{section.7}% 15
\BOOKMARK [2][-]{subsection.7.2}{\376\377\177\026\213\321\201\352\122\250\123\026}{section.7}% 16
\BOOKMARK [1][-]{section.8}{\376\377\116\076\116\000\123\315\116\011\377\032\136\070\211\301\177\026\213\321\225\031\213\357\116\016\214\003\213\325\137\303\154\325}{}% 17
\BOOKMARK [2][-]{subsection.8.1}{\376\377\136\070\211\301\225\031\213\357\220\037\147\345}{section.8}% 18
\BOOKMARK [2][-]{subsection.8.2}{\376\377\116\000\116\052\146\364\166\364\211\302\166\204\174\173\153\324}{section.8}% 19
\BOOKMARK [1][-]{section.9}{\376\377\176\323\213\355}{}% 20
